Analysis & Synthesis report for memory_test
Wed Jun 01 09:41:20 2022
Quartus II 64-Bit Version 13.1.0 Build 162 10/23/2013 SJ Web Edition


---------------------
; Table of Contents ;
---------------------
  1. Legal Notice
  2. Analysis & Synthesis Summary
  3. Analysis & Synthesis Settings
  4. Parallel Compilation
  5. Port Connectivity Checks: "parte_1:display1"
  6. Port Connectivity Checks: "parte_1:display0"
  7. Analysis & Synthesis Messages



----------------
; Legal Notice ;
----------------
Copyright (C) 1991-2013 Altera Corporation
Your use of Altera Corporation's design tools, logic functions 
and other software and tools, and its AMPP partner logic 
functions, and any output files from any of the foregoing 
(including device programming or simulation files), and any 
associated documentation or information are expressly subject 
to the terms and conditions of the Altera Program License 
Subscription Agreement, Altera MegaCore Function License 
Agreement, or other applicable license agreement, including, 
without limitation, that your use is for the sole purpose of 
programming logic devices manufactured by Altera and sold by 
Altera or its authorized distributors.  Please refer to the 
applicable agreement for further details.



+---------------------------------------------------------------------------------+
; Analysis & Synthesis Summary                                                    ;
+------------------------------------+--------------------------------------------+
; Analysis & Synthesis Status        ; Failed - Wed Jun 01 09:41:20 2022          ;
; Quartus II 64-Bit Version          ; 13.1.0 Build 162 10/23/2013 SJ Web Edition ;
; Revision Name                      ; memory_test                                ;
; Top-level Entity Name              ; memory_test                                ;
; Family                             ; Cyclone III                                ;
; Total logic elements               ; N/A until Partition Merge                  ;
;     Total combinational functions  ; N/A until Partition Merge                  ;
;     Dedicated logic registers      ; N/A until Partition Merge                  ;
; Total registers                    ; N/A until Partition Merge                  ;
; Total pins                         ; N/A until Partition Merge                  ;
; Total virtual pins                 ; N/A until Partition Merge                  ;
; Total memory bits                  ; N/A until Partition Merge                  ;
; Embedded Multiplier 9-bit elements ; N/A until Partition Merge                  ;
; Total PLLs                         ; N/A until Partition Merge                  ;
+------------------------------------+--------------------------------------------+


+----------------------------------------------------------------------------------------------------------------------+
; Analysis & Synthesis Settings                                                                                        ;
+----------------------------------------------------------------------------+--------------------+--------------------+
; Option                                                                     ; Setting            ; Default Value      ;
+----------------------------------------------------------------------------+--------------------+--------------------+
; Device                                                                     ; EP3C16F484C6       ;                    ;
; Top-level entity name                                                      ; memory_test        ; memory_test        ;
; Family name                                                                ; Cyclone III        ; Cyclone IV GX      ;
; Use smart compilation                                                      ; Off                ; Off                ;
; Enable parallel Assembler and TimeQuest Timing Analyzer during compilation ; On                 ; On                 ;
; Enable compact report table                                                ; Off                ; Off                ;
; Restructure Multiplexers                                                   ; Auto               ; Auto               ;
; Create Debugging Nodes for IP Cores                                        ; Off                ; Off                ;
; Preserve fewer node names                                                  ; On                 ; On                 ;
; Disable OpenCore Plus hardware evaluation                                  ; Off                ; Off                ;
; Verilog Version                                                            ; Verilog_2001       ; Verilog_2001       ;
; VHDL Version                                                               ; VHDL_1993          ; VHDL_1993          ;
; State Machine Processing                                                   ; Auto               ; Auto               ;
; Safe State Machine                                                         ; Off                ; Off                ;
; Extract Verilog State Machines                                             ; On                 ; On                 ;
; Extract VHDL State Machines                                                ; On                 ; On                 ;
; Ignore Verilog initial constructs                                          ; Off                ; Off                ;
; Iteration limit for constant Verilog loops                                 ; 5000               ; 5000               ;
; Iteration limit for non-constant Verilog loops                             ; 250                ; 250                ;
; Add Pass-Through Logic to Inferred RAMs                                    ; On                 ; On                 ;
; Infer RAMs from Raw Logic                                                  ; On                 ; On                 ;
; Parallel Synthesis                                                         ; On                 ; On                 ;
; DSP Block Balancing                                                        ; Auto               ; Auto               ;
; NOT Gate Push-Back                                                         ; On                 ; On                 ;
; Power-Up Don't Care                                                        ; On                 ; On                 ;
; Remove Redundant Logic Cells                                               ; Off                ; Off                ;
; Remove Duplicate Registers                                                 ; On                 ; On                 ;
; Ignore CARRY Buffers                                                       ; Off                ; Off                ;
; Ignore CASCADE Buffers                                                     ; Off                ; Off                ;
; Ignore GLOBAL Buffers                                                      ; Off                ; Off                ;
; Ignore ROW GLOBAL Buffers                                                  ; Off                ; Off                ;
; Ignore LCELL Buffers                                                       ; Off                ; Off                ;
; Ignore SOFT Buffers                                                        ; On                 ; On                 ;
; Limit AHDL Integers to 32 Bits                                             ; Off                ; Off                ;
; Optimization Technique                                                     ; Balanced           ; Balanced           ;
; Carry Chain Length                                                         ; 70                 ; 70                 ;
; Auto Carry Chains                                                          ; On                 ; On                 ;
; Auto Open-Drain Pins                                                       ; On                 ; On                 ;
; Perform WYSIWYG Primitive Resynthesis                                      ; Off                ; Off                ;
; Auto ROM Replacement                                                       ; On                 ; On                 ;
; Auto RAM Replacement                                                       ; On                 ; On                 ;
; Auto DSP Block Replacement                                                 ; On                 ; On                 ;
; Auto Shift Register Replacement                                            ; Auto               ; Auto               ;
; Allow Shift Register Merging across Hierarchies                            ; Auto               ; Auto               ;
; Auto Clock Enable Replacement                                              ; On                 ; On                 ;
; Strict RAM Replacement                                                     ; Off                ; Off                ;
; Allow Synchronous Control Signals                                          ; On                 ; On                 ;
; Force Use of Synchronous Clear Signals                                     ; Off                ; Off                ;
; Auto RAM Block Balancing                                                   ; On                 ; On                 ;
; Auto RAM to Logic Cell Conversion                                          ; Off                ; Off                ;
; Auto Resource Sharing                                                      ; Off                ; Off                ;
; Allow Any RAM Size For Recognition                                         ; Off                ; Off                ;
; Allow Any ROM Size For Recognition                                         ; Off                ; Off                ;
; Allow Any Shift Register Size For Recognition                              ; Off                ; Off                ;
; Use LogicLock Constraints during Resource Balancing                        ; On                 ; On                 ;
; Ignore translate_off and synthesis_off directives                          ; Off                ; Off                ;
; Timing-Driven Synthesis                                                    ; On                 ; On                 ;
; Report Parameter Settings                                                  ; On                 ; On                 ;
; Report Source Assignments                                                  ; On                 ; On                 ;
; Report Connectivity Checks                                                 ; On                 ; On                 ;
; Ignore Maximum Fan-Out Assignments                                         ; Off                ; Off                ;
; Synchronization Register Chain Length                                      ; 2                  ; 2                  ;
; PowerPlay Power Optimization                                               ; Normal compilation ; Normal compilation ;
; HDL message level                                                          ; Level2             ; Level2             ;
; Suppress Register Optimization Related Messages                            ; Off                ; Off                ;
; Number of Removed Registers Reported in Synthesis Report                   ; 5000               ; 5000               ;
; Number of Swept Nodes Reported in Synthesis Report                         ; 5000               ; 5000               ;
; Number of Inverted Registers Reported in Synthesis Report                  ; 100                ; 100                ;
; Clock MUX Protection                                                       ; On                 ; On                 ;
; Auto Gated Clock Conversion                                                ; Off                ; Off                ;
; Block Design Naming                                                        ; Auto               ; Auto               ;
; SDC constraint protection                                                  ; Off                ; Off                ;
; Synthesis Effort                                                           ; Auto               ; Auto               ;
; Shift Register Replacement - Allow Asynchronous Clear Signal               ; On                 ; On                 ;
; Pre-Mapping Resynthesis Optimization                                       ; Off                ; Off                ;
; Analysis & Synthesis Message Level                                         ; Medium             ; Medium             ;
; Disable Register Merging Across Hierarchies                                ; Auto               ; Auto               ;
; Resource Aware Inference For Block RAM                                     ; On                 ; On                 ;
; Synthesis Seed                                                             ; 1                  ; 1                  ;
+----------------------------------------------------------------------------+--------------------+--------------------+


Parallel compilation was disabled, but you have multiple processors available. Enable parallel compilation to reduce compilation time.
+-------------------------------------+
; Parallel Compilation                ;
+----------------------------+--------+
; Processors                 ; Number ;
+----------------------------+--------+
; Number detected on machine ; 4      ;
; Maximum allowed            ; 1      ;
+----------------------------+--------+


+----------------------------------------------------------------------------------------------------------------------------------------------+
; Port Connectivity Checks: "parte_1:display1"                                                                                                 ;
+------+---------+------------------+----------------------------------------------------------------------------------------------------------+
; Port ; Type    ; Severity         ; Details                                                                                                  ;
+------+---------+------------------+----------------------------------------------------------------------------------------------------------+
; HEX  ; Unknown ; Critical Warning ; Named port was not declared by the instantiated entity                                                   ;
; hex0 ; Output  ; Warning          ; Declared by entity but not connected by instance. Logic that only feeds a dangling port will be removed. ;
+------+---------+------------------+----------------------------------------------------------------------------------------------------------+


+----------------------------------------------------------------------------------------------------------------------------------------------+
; Port Connectivity Checks: "parte_1:display0"                                                                                                 ;
+------+---------+------------------+----------------------------------------------------------------------------------------------------------+
; Port ; Type    ; Severity         ; Details                                                                                                  ;
+------+---------+------------------+----------------------------------------------------------------------------------------------------------+
; HEX  ; Unknown ; Critical Warning ; Named port was not declared by the instantiated entity                                                   ;
; hex0 ; Output  ; Warning          ; Declared by entity but not connected by instance. Logic that only feeds a dangling port will be removed. ;
+------+---------+------------------+----------------------------------------------------------------------------------------------------------+


+-------------------------------+
; Analysis & Synthesis Messages ;
+-------------------------------+
Info: *******************************************************************
Info: Running Quartus II 64-Bit Analysis & Synthesis
    Info: Version 13.1.0 Build 162 10/23/2013 SJ Web Edition
    Info: Processing started: Wed Jun 01 09:41:18 2022
Info: Command: quartus_map --read_settings_files=on --write_settings_files=off memory_test -c memory_test
Warning (20028): Parallel compilation is not licensed and has been disabled
Info (12021): Found 2 design units, including 1 entities, in source file /users/user/desktop/unicauca/circuitos_digitales_ii/proyectos2022/digital-logic-ii/rw_96x8_sync/rw_96x8_sync.vhd
    Info (12022): Found design unit 1: rw_96x8_sync-rw_96x8_sync_arch
    Info (12023): Found entity 1: rw_96x8_sync
Info (12021): Found 2 design units, including 1 entities, in source file /users/user/desktop/unicauca/circuitos_digitales_ii/proyectos2022/digital-logic-ii/rom_128x8_sync/rom_128x8_sync.vhd
    Info (12022): Found design unit 1: rom_128x8_sync-rom_128x8_sync_arch
    Info (12023): Found entity 1: rom_128x8_sync
Info (12021): Found 2 design units, including 1 entities, in source file /users/user/desktop/unicauca/circuitos_digitales_ii/proyectos2022/digital-logic-ii/memory/memory.vhd
    Info (12022): Found design unit 1: memory-memory_arch
    Info (12023): Found entity 1: memory
Info (12021): Found 2 design units, including 1 entities, in source file /users/user/desktop/unicauca/circuitos_digitales_ii/proyectos2022/trabajo/trabajos/parte_1/parte_1.vhd
    Info (12022): Found design unit 1: parte_1-condicion
    Info (12023): Found entity 1: parte_1
Info (12021): Found 2 design units, including 1 entities, in source file /users/user/desktop/unicauca/circuitos_digitales_ii/proyectos2022/digital-logic-ii/memory/memory_test.vhd
    Info (12022): Found design unit 1: memory_test-behavioral
    Info (12023): Found entity 1: memory_test
Info (12127): Elaborating entity "memory_test" for the top level hierarchy
Warning (10541): VHDL Signal Declaration warning at memory_test.vhd(13): used implicit default value for signal "data_out" because signal was never assigned a value or an explicit default value. Use of implicit default value may introduce unintended design optimizations.
Warning (10540): VHDL Signal Declaration warning at memory_test.vhd(20): used explicit default value for signal "SW0" because signal was never assigned a value
Warning (10540): VHDL Signal Declaration warning at memory_test.vhd(21): used explicit default value for signal "SW1" because signal was never assigned a value
Info (12128): Elaborating entity "memory" for hierarchy "memory:U0"
Info (12128): Elaborating entity "rom_128x8_sync" for hierarchy "memory:U0|rom_128x8_sync:ROM"
Info (12128): Elaborating entity "rw_96x8_sync" for hierarchy "memory:U0|rw_96x8_sync:RW"
Info (12128): Elaborating entity "parte_1" for hierarchy "parte_1:display0"
Error (12002): Port "HEX" does not exist in macrofunction "display1" File: C:/Users/User/Desktop/Unicauca/Circuitos_Digitales_II/Proyectos2022/Digital-Logic-II/memory/memory_test.vhd Line: 52
Error (12002): Port "HEX" does not exist in macrofunction "display0" File: C:/Users/User/Desktop/Unicauca/Circuitos_Digitales_II/Proyectos2022/Digital-Logic-II/memory/memory_test.vhd Line: 51
Warning (12241): 2 hierarchies have connectivity warnings - see the Connectivity Checks report folder
Error: Quartus II 64-Bit Analysis & Synthesis was unsuccessful. 2 errors, 5 warnings
    Error: Peak virtual memory: 4644 megabytes
    Error: Processing ended: Wed Jun 01 09:41:20 2022
    Error: Elapsed time: 00:00:02
    Error: Total CPU time (on all processors): 00:00:01


